// Jest Snapshot v1, https://goo.gl/fbAQLP

exports[`renders correctly 1`] = `
<div>
  <a
    className="normal"
    href="www.softwaretestinghelp.com"
  >
    www.softwaretestinghelp.com
  </a>
  Hi there!
</div>
`;
